// Jest Snapshot v1, https://goo.gl/fbAQLP

exports[`Header should render properly 1`] = `
ShallowWrapper {
  "complexSelector": ComplexSelector {
    "buildPredicate": [Function],
    "childrenOfNode": [Function],
    "findWhereUnwrapped": [Function],
  },
  "length": 1,
  "node": <div
    className="App-header"
>
    <img
        alt="logo"
        className="App-logo"
        src="logo.svg"
    />
    <a
        href="/"
        id="logo"
        onClick={undefined}
    >
        <h2>
            Demo Title 
        </h2>
    </a>
</div>,
  "nodes": Array [
    <div
      className="App-header"
>
      <img
            alt="logo"
            className="App-logo"
            src="logo.svg"
      />
      <a
            href="/"
            id="logo"
            onClick={undefined}
      >
            <h2>
                  Demo Title 
            </h2>
      </a>
</div>,
  ],
  "options": Object {},
  "renderer": ReactShallowRenderer {
    "_instance": ShallowComponentWrapper {
      "_calledComponentWillUnmount": false,
      "_compositeType": 2,
      "_context": Object {},
      "_currentElement": <Unknown />,
      "_debugID": 7,
      "_hostContainerInfo": null,
      "_hostParent": null,
      "_instance": StatelessComponent {
        "_reactInternalInstance": [Circular],
        "context": Object {},
        "props": Object {},
        "refs": Object {},
        "state": null,
        "updater": Object {
          "enqueueCallback": [Function],
          "enqueueCallbackInternal": [Function],
          "enqueueElementInternal": [Function],
          "enqueueForceUpdate": [Function],
          "enqueueReplaceState": [Function],
          "enqueueSetState": [Function],
          "isMounted": [Function],
          "validateCallback": [Function],
        },
      },
      "_mountOrder": 1,
      "_pendingCallbacks": null,
      "_pendingElement": null,
      "_pendingForceUpdate": false,
      "_pendingReplaceState": false,
      "_pendingStateQueue": null,
      "_renderedComponent": NoopInternalComponent {
        "_currentElement": <div
          className="App-header"
>
          <img
                    alt="logo"
                    className="App-logo"
                    src="logo.svg"
          />
          <a
                    href="/"
                    id="logo"
                    onClick={undefined}
          >
                    <h2>
                              Demo Title 
                    </h2>
          </a>
</div>,
        "_debugID": 8,
        "_renderedOutput": <div
          className="App-header"
>
          <img
                    alt="logo"
                    className="App-logo"
                    src="logo.svg"
          />
          <a
                    href="/"
                    id="logo"
                    onClick={undefined}
          >
                    <h2>
                              Demo Title 
                    </h2>
          </a>
</div>,
      },
      "_renderedNodeType": 0,
      "_rootNodeID": 0,
      "_topLevelWrapper": null,
      "_updateBatchNumber": null,
      "_warnedAboutRefsInRender": false,
    },
    "getRenderOutput": [Function],
    "render": [Function],
  },
  "root": [Circular],
  "unrendered": <Unknown />,
}
`;
